time="2026-09-01T03:57:25-04:00" level=warning msg="Version mismatch: Daytona CLI is on v0.190.0 and API is on v0.207.0.\nMake sure the versions are aligned using 'brew upgrade daytonaio/cli/daytona' or by downloading the latest version from https://github.com/daytonaio/daytona/releases."
BASH=/usr/bin/bash
BASHOPTS=checkwinsize:cmdhist:complete_fullquote:extquote:force_fignore:globasciiranges:globskipdots:hostcomplete:interactive_comments:login_shell:patsub_replacement:progcomp:promptvars:sourcepath
BASH_ALIASES=()
BASH_ARGC=([0]="1")
BASH_ARGV=([0]="pipefail")
BASH_CMDS=()
BASH_EXECUTION_STRING=set
BASH_LINENO=()
BASH_LOADABLES_PATH=/usr/local/lib/bash:/usr/lib/bash:/opt/local/lib/bash:/usr/pkg/lib/bash:/opt/pkg/lib/bash:.
BASH_SOURCE=()
BASH_VERSINFO=([0]="5" [1]="2" [2]="37" [3]="1" [4]="release" [5]="x86_64-pc-linux-gnu")
BASH_VERSION='5.2.37(1)-release'
DAYTONA_ORGANIZATION_ID=00000000-0000-0000-0000-000000000000
DAYTONA_OTEL_ENDPOINT=https://otel-collector.app.daytona.io
DAYTONA_REGION_ID=us
DAYTONA_SANDBOX_ID=7f66c025-9a3e-4010-873d-f9509e38ae02
DAYTONA_SANDBOX_SNAPSHOT=cr.app.daytona.io/sbox/daytona-edb66f95f2f09a28a029a0e03d516cf5482ef13a218e93ab1d80954f6ee7ebbb:daytona
DAYTONA_SANDBOX_USER=daytona
DAYTONA_USER_HOME_AS_WORKDIR=true
DIRSTACK=()
EUID=1001
GROUPS=()
GTK_MODULES=gail:atk-bridge
HOME=/home/daytona
HOSTNAME=7f66c025-9a3e-4010-873d-f9509e38ae02
HOSTTYPE=x86_64
IFS=$' \t\n'
LANG=en_US.UTF-8
LC_ALL=en_US.UTF-8
LOGNAME=daytona
MACHTYPE=x86_64-pc-linux-gnu
NO_AT_BRIDGE=0
NVM_DIR=/usr/local/share/nvm
NVM_SYMLINK_CURRENT=true
OLDPWD=/home/daytona
OPTERR=1
OPTIND=1
OSTYPE=linux-gnu
PATH=/usr/local/python/current/bin:/usr/local/py-utils/bin:/usr/local/jupyter:/usr/local/share/nvm/current/bin:/usr/local/bin:/usr/local/bin:/usr/bin:/bin:/usr/local/games:/usr/games
PIPESTATUS=([0]="1")
PIPX_BIN_DIR=/usr/local/py-utils/bin
PIPX_HOME=/usr/local/py-utils
PPID=144
PS4='+ '
PWD=/home/daytona
PYTHON_PATH=/usr/local/python/current
PYTHON_SHA256=d923c51303e38e249136fc1bdf3568d56ecb03214efdef48516176d3d7faaef8
PYTHON_VERSION=3.14.4
QT_ACCESSIBILITY=1
SHELL=/bin/sh
SHELLOPTS=braceexpand:hashall:interactive-comments
SHLVL=2
TERM=dumb
UID=1001
_=']'
Linux 7f66c025-9a3e-4010-873d-f9509e38ae02 6.8.0-101-generic #101-Ubuntu SMP PREEMPT_DYNAMIC Mon Feb  9 10:15:05 UTC 2026 x86_64 GNU/Linux
PRETTY_NAME="Debian GNU/Linux 13 (trixie)"
NAME="Debian GNU/Linux"
VERSION_ID="13"
VERSION="13 (trixie)"
VERSION_CODENAME=trixie
DEBIAN_VERSION_FULL=13.4
ID=debian
HOME_URL="https://www.debian.org/"
SUPPORT_URL="https://www.debian.org/support"
BUG_REPORT_URL="https://bugs.debian.org/"
Python 3.14.4
/usr/local/py-utils/bin/uv
uv 0.9.26
git version 2.53.0
Filesystem      Size  Used Avail Use% Mounted on
overlay         3.0G   24K  3.0G   1% /
Cloning into '/home/daytona/hermes-agent'...
From https://github.com/NousResearch/hermes-agent
 * branch                04224b2f82aabbe89525451089eb2677edfae179 -> FETCH_HEAD
HEAD is now at 04224b2f8 fmt(js): `npm run fix` on merge (#100096)
hermes_commit=04224b2f82aabbe89525451089eb2677edfae179
hermes_date=2026-09-01T07:41:45Z
hermes_subject=fmt(js): `npm run fix` on merge (#100096)
Filesystem      Size  Used Avail Use% Mounted on
overlay         3.0G  314M  2.7G  11% /
