79cc76506487fafd95f10e2b0a4fcb3d4434c36d25a9080cffd33b1c8ebcdba4  relay-hermes-working.tar.gz
f62f431fc0daa48500926bf87753f81c3fdda25ab463b130ca97f2896367e0a5  relay-openapi.yaml
Downloading cpython-3.12.12-linux-x86_64-gnu (download) (32.3MiB)
Downloading cpython-3.11.14-linux-x86_64-gnu (download) (29.8MiB)
Downloading cpython-3.13.11-linux-x86_64-gnu (download) (33.4MiB)
 Downloaded cpython-3.12.12-linux-x86_64-gnu (download)
 Downloaded cpython-3.13.11-linux-x86_64-gnu (download)
 Downloaded cpython-3.11.14-linux-x86_64-gnu (download)
Installed 3 versions in 2.88s
 + cpython-3.11.14-linux-x86_64-gnu (python3.11)
 + cpython-3.12.12-linux-x86_64-gnu (python3.12)
 + cpython-3.13.11-linux-x86_64-gnu (python3.13)
warning: `/home/daytona/.local/bin` is not on your PATH. To use installed Python executables, run `export PATH="/home/daytona/.local/bin:$PATH"` or `uv python update-shell`.
Using CPython 3.11.14
Creating virtual environment at: relay-hermes/.venv-3.11
Activate with: source relay-hermes/.venv-3.11/bin/activate
Using Python 3.11.14 environment at: relay-hermes/.venv-3.11
Resolved 17 packages in 126ms
   Building relay-hermes @ file:///home/daytona/relay-hermes
Downloading pygments (1.2MiB)
 Downloaded pygments
      Built relay-hermes @ file:///home/daytona/relay-hermes
Prepared 17 packages in 885ms
Installed 17 packages in 59ms
 + anyio==4.14.2
 + build==1.6.0
 + certifi==2026.7.22
 + h11==0.16.0
 + httpcore==1.0.9
 + httpx==0.28.1
 + idna==3.19
 + iniconfig==2.3.0
 + packaging==26.3
 + pluggy==1.6.0
 + pygments==2.21.0
 + pyproject-hooks==1.2.0
 + pytest==9.1.1
 + pyyaml==6.0.3
 + relay-hermes==1.0.0 (from file:///home/daytona/relay-hermes)
 + typing-extensions==4.16.0
 + websockets==17.1
Python 3.11.14
Using CPython 3.12.12
Creating virtual environment at: relay-hermes/.venv-3.12
Activate with: source relay-hermes/.venv-3.12/bin/activate
Using Python 3.12.12 environment at: relay-hermes/.venv-3.12
Resolved 17 packages in 38ms
   Building relay-hermes @ file:///home/daytona/relay-hermes
      Built relay-hermes @ file:///home/daytona/relay-hermes
Prepared 3 packages in 747ms
Installed 17 packages in 28ms
 + anyio==4.14.2
 + build==1.6.0
 + certifi==2026.7.22
 + h11==0.16.0
 + httpcore==1.0.9
 + httpx==0.28.1
 + idna==3.19
 + iniconfig==2.3.0
 + packaging==26.3
 + pluggy==1.6.0
 + pygments==2.21.0
 + pyproject-hooks==1.2.0
 + pytest==9.1.1
 + pyyaml==6.0.3
 + relay-hermes==1.0.0 (from file:///home/daytona/relay-hermes)
 + typing-extensions==4.16.0
 + websockets==17.1
Python 3.12.12
Using CPython 3.13.11
Creating virtual environment at: relay-hermes/.venv-3.13
Activate with: source relay-hermes/.venv-3.13/bin/activate
Using Python 3.13.11 environment at: relay-hermes/.venv-3.13
Resolved 16 packages in 38ms
   Building relay-hermes @ file:///home/daytona/relay-hermes
      Built relay-hermes @ file:///home/daytona/relay-hermes
Prepared 3 packages in 776ms
Installed 16 packages in 29ms
 + anyio==4.14.2
 + build==1.6.0
 + certifi==2026.7.22
 + h11==0.16.0
 + httpcore==1.0.9
 + httpx==0.28.1
 + idna==3.19
 + iniconfig==2.3.0
 + packaging==26.3
 + pluggy==1.6.0
 + pygments==2.21.0
 + pyproject-hooks==1.2.0
 + pytest==9.1.1
 + pyyaml==6.0.3
 + relay-hermes==1.0.0 (from file:///home/daytona/relay-hermes)
 + websockets==17.1
Python 3.13.11
Filesystem      Size  Used Avail Use% Mounted on
overlay         3.0G  648M  2.4G  22% /
