Using Python 3.11.14 environment at: relay-hermes/.venv-3.11
Resolved 17 packages in 5ms
   Building relay-hermes @ file:///home/daytona/relay-hermes
      Built relay-hermes @ file:///home/daytona/relay-hermes
Prepared 1 package in 476ms
Uninstalled 1 package in 0.65ms
Installed 1 package in 1ms
 ~ relay-hermes==1.0.0 (from file:///home/daytona/relay-hermes)
Python 3.11.14
Using Python 3.12.12 environment at: relay-hermes/.venv-3.12
Resolved 17 packages in 5ms
   Building relay-hermes @ file:///home/daytona/relay-hermes
      Built relay-hermes @ file:///home/daytona/relay-hermes
Prepared 1 package in 470ms
Uninstalled 1 package in 0.75ms
Installed 1 package in 1ms
 ~ relay-hermes==1.0.0 (from file:///home/daytona/relay-hermes)
Python 3.12.12
Using Python 3.13.11 environment at: relay-hermes/.venv-3.13
Resolved 16 packages in 4ms
   Building relay-hermes @ file:///home/daytona/relay-hermes
      Built relay-hermes @ file:///home/daytona/relay-hermes
Prepared 1 package in 454ms
Uninstalled 1 package in 0.54ms
Installed 1 package in 1ms
 ~ relay-hermes==1.0.0 (from file:///home/daytona/relay-hermes)
Python 3.13.11
1901de5c8ba0e1f158a9a78dabb92a37afe962c411172473683b48d8be0d9598  relay-hermes/MANIFEST.in
df7eefbd0c018677699f00c0933e44246a6543a015cac36b755481a58466a642  relay-hermes/pyproject.toml
2391474eba9f07e0ab2c173201ca7f25056174ee67550bade111444823d377aa  relay-hermes/tests/test_hermes_runtime.py
