* Creating isolated environment: venv+pip...
* Installing packages in isolated environment:
  - setuptools>=68
* Getting build dependencies for sdist...
running egg_info
creating relay_hermes.egg-info
writing relay_hermes.egg-info/PKG-INFO
writing dependency_links to relay_hermes.egg-info/dependency_links.txt
writing entry points to relay_hermes.egg-info/entry_points.txt
writing requirements to relay_hermes.egg-info/requires.txt
writing top-level names to relay_hermes.egg-info/top_level.txt
writing manifest file 'relay_hermes.egg-info/SOURCES.txt'
reading manifest file 'relay_hermes.egg-info/SOURCES.txt'
reading manifest template 'MANIFEST.in'
adding license file 'LICENSE'
writing manifest file 'relay_hermes.egg-info/SOURCES.txt'
* Installed build dependency versions:
  - setuptools==84.0.0
* Building sdist...
running sdist
running egg_info
writing relay_hermes.egg-info/PKG-INFO
writing dependency_links to relay_hermes.egg-info/dependency_links.txt
writing entry points to relay_hermes.egg-info/entry_points.txt
writing requirements to relay_hermes.egg-info/requires.txt
writing top-level names to relay_hermes.egg-info/top_level.txt
reading manifest file 'relay_hermes.egg-info/SOURCES.txt'
reading manifest template 'MANIFEST.in'
adding license file 'LICENSE'
writing manifest file 'relay_hermes.egg-info/SOURCES.txt'
running check
creating relay_hermes-1.0.0
creating relay_hermes-1.0.0/relay_hermes.egg-info
creating relay_hermes-1.0.0/scripts
creating relay_hermes-1.0.0/tests
copying files to relay_hermes-1.0.0...
copying LICENSE -> relay_hermes-1.0.0
copying MANIFEST.in -> relay_hermes-1.0.0
copying README.md -> relay_hermes-1.0.0
copying __init__.py -> relay_hermes-1.0.0
copying adapter.py -> relay_hermes-1.0.0
copying plugin.yaml -> relay_hermes-1.0.0
copying pyproject.toml -> relay_hermes-1.0.0
copying relay_api.py -> relay_hermes-1.0.0
copying state.py -> relay_hermes-1.0.0
copying relay_hermes.egg-info/PKG-INFO -> relay_hermes-1.0.0/relay_hermes.egg-info
copying relay_hermes.egg-info/SOURCES.txt -> relay_hermes-1.0.0/relay_hermes.egg-info
copying relay_hermes.egg-info/dependency_links.txt -> relay_hermes-1.0.0/relay_hermes.egg-info
copying relay_hermes.egg-info/entry_points.txt -> relay_hermes-1.0.0/relay_hermes.egg-info
copying relay_hermes.egg-info/requires.txt -> relay_hermes-1.0.0/relay_hermes.egg-info
copying relay_hermes.egg-info/top_level.txt -> relay_hermes-1.0.0/relay_hermes.egg-info
copying scripts/run-staging.sh -> relay_hermes-1.0.0/scripts
copying tests/conftest.py -> relay_hermes-1.0.0/tests
copying tests/test_adapter.py -> relay_hermes-1.0.0/tests
copying tests/test_hermes_runtime.py -> relay_hermes-1.0.0/tests
copying tests/test_plugin_manifest.py -> relay_hermes-1.0.0/tests
copying tests/test_relay_api.py -> relay_hermes-1.0.0/tests
copying tests/test_state.py -> relay_hermes-1.0.0/tests
Writing relay_hermes-1.0.0/setup.cfg
Creating tar archive
removing 'relay_hermes-1.0.0' (and everything under it)
* Building wheel from sdist
* Creating isolated environment: venv+pip...
* Installing packages in isolated environment:
  - setuptools>=68
* Getting build dependencies for wheel...
running egg_info
writing relay_hermes.egg-info/PKG-INFO
writing dependency_links to relay_hermes.egg-info/dependency_links.txt
writing entry points to relay_hermes.egg-info/entry_points.txt
writing requirements to relay_hermes.egg-info/requires.txt
writing top-level names to relay_hermes.egg-info/top_level.txt
reading manifest file 'relay_hermes.egg-info/SOURCES.txt'
reading manifest template 'MANIFEST.in'
adding license file 'LICENSE'
writing manifest file 'relay_hermes.egg-info/SOURCES.txt'
* Installed build dependency versions:
  - setuptools==84.0.0
* Building wheel...
running bdist_wheel
running build
running build_py
creating build/lib/relay_hermes
copying ./__init__.py -> build/lib/relay_hermes
copying ./adapter.py -> build/lib/relay_hermes
copying ./relay_api.py -> build/lib/relay_hermes
copying ./state.py -> build/lib/relay_hermes
running egg_info
writing relay_hermes.egg-info/PKG-INFO
writing dependency_links to relay_hermes.egg-info/dependency_links.txt
writing entry points to relay_hermes.egg-info/entry_points.txt
writing requirements to relay_hermes.egg-info/requires.txt
writing top-level names to relay_hermes.egg-info/top_level.txt
reading manifest file 'relay_hermes.egg-info/SOURCES.txt'
reading manifest template 'MANIFEST.in'
adding license file 'LICENSE'
writing manifest file 'relay_hermes.egg-info/SOURCES.txt'
copying ./plugin.yaml -> build/lib/relay_hermes
installing to build/bdist.linux-x86_64/wheel
running install
running install_lib
creating build/bdist.linux-x86_64/wheel
creating build/bdist.linux-x86_64/wheel/relay_hermes
copying build/lib/relay_hermes/__init__.py -> build/bdist.linux-x86_64/wheel/./relay_hermes
copying build/lib/relay_hermes/adapter.py -> build/bdist.linux-x86_64/wheel/./relay_hermes
copying build/lib/relay_hermes/relay_api.py -> build/bdist.linux-x86_64/wheel/./relay_hermes
copying build/lib/relay_hermes/state.py -> build/bdist.linux-x86_64/wheel/./relay_hermes
copying build/lib/relay_hermes/plugin.yaml -> build/bdist.linux-x86_64/wheel/./relay_hermes
running install_egg_info
Copying relay_hermes.egg-info to build/bdist.linux-x86_64/wheel/./relay_hermes-1.0.0-py3.13.egg-info
running install_scripts
creating build/bdist.linux-x86_64/wheel/relay_hermes-1.0.0.dist-info/WHEEL
creating '/home/daytona/relay-hermes/dist/.tmp-01p0yr_q/relay_hermes-1.0.0-py3-none-any.whl' and adding 'build/bdist.linux-x86_64/wheel' to it
adding 'relay_hermes/__init__.py'
adding 'relay_hermes/adapter.py'
adding 'relay_hermes/plugin.yaml'
adding 'relay_hermes/relay_api.py'
adding 'relay_hermes/state.py'
adding 'relay_hermes-1.0.0.dist-info/licenses/LICENSE'
adding 'relay_hermes-1.0.0.dist-info/METADATA'
adding 'relay_hermes-1.0.0.dist-info/WHEEL'
adding 'relay_hermes-1.0.0.dist-info/entry_points.txt'
adding 'relay_hermes-1.0.0.dist-info/top_level.txt'
adding 'relay_hermes-1.0.0.dist-info/RECORD'
removing build/bdist.linux-x86_64/wheel
Successfully built relay_hermes-1.0.0.tar.gz and relay_hermes-1.0.0-py3-none-any.whl
cede276816c24b8db09c8357a17cf93806fe35d9fdd1c6d6bad0e402ff5047f6  dist/relay_hermes-1.0.0-py3-none-any.whl
b035a12c5bfb281ce64e4fc9be3edca0d23168f608e1680ed46ee56f3703ea1b  dist/relay_hermes-1.0.0.tar.gz
Using Python 3.13.11 environment at: .venv-3.13
Checked 16 packages in 25ms
All installed packages are compatible
Using CPython 3.13.11
Creating virtual environment at: /home/daytona/wheel-venv
Activate with: source /home/daytona/wheel-venv/bin/activate
Using Python 3.13.11 environment at: /home/daytona/wheel-venv
Resolved 9 packages in 3ms
Prepared 1 package in 2ms
Installed 9 packages in 12ms
 + anyio==4.14.2
 + certifi==2026.7.22
 + h11==0.16.0
 + httpcore==1.0.9
 + httpx==0.28.1
 + idna==3.19
 + pyyaml==6.0.3
 + relay-hermes==1.0.0 (from file:///home/daytona/relay-hermes/dist/relay_hermes-1.0.0-py3-none-any.whl)
 + websockets==17.1
Using Python 3.13.11 environment at: /home/daytona/wheel-venv
Checked 9 packages in 16ms
All installed packages are compatible
distribution=relay-hermes version=1.0.0 entrypoint=relay-hermes:relay_hermes
Failed to load plugin 'browser-browser-use': No module named 'requests'
Failed to load plugin 'browser-browserbase': No module named 'requests'
Failed to load plugin 'browser-firecrawl': No module named 'requests'
Failed to load plugin 'krea': No module named 'requests'
Failed to load plugin 'xai': No module named 'requests'
wheel_plugin=relay-hermes source=entrypoint platform=relayapp
Archive:  dist/relay_hermes-1.0.0-py3-none-any.whl
  Length      Date    Time    Name
---------  ---------- -----   ----
      675  2026-09-01 07:41   relay_hermes/__init__.py
    50612  2026-09-01 07:56   relay_hermes/adapter.py
     1798  2026-09-01 07:48   relay_hermes/plugin.yaml
    37935  2026-09-01 07:56   relay_hermes/relay_api.py
    15211  2026-09-01 07:51   relay_hermes/state.py
     1072  2026-09-01 08:01   relay_hermes-1.0.0.dist-info/licenses/LICENSE
     6271  2026-09-01 08:01   relay_hermes-1.0.0.dist-info/METADATA
       91  2026-09-01 08:01   relay_hermes-1.0.0.dist-info/WHEEL
       51  2026-09-01 08:01   relay_hermes-1.0.0.dist-info/entry_points.txt
       13  2026-09-01 08:01   relay_hermes-1.0.0.dist-info/top_level.txt
      924  2026-09-01 08:01   relay_hermes-1.0.0.dist-info/RECORD
---------                     -------
   114653                     11 files
     1798  2026-09-01 07:48   relay_hermes/plugin.yaml
relay_hermes-1.0.0/plugin.yaml
relay_hermes-1.0.0/scripts/run-staging.sh
relay_hermes-1.0.0/tests/conftest.py
