tested_source_archive_sha256=4186ead15aed1bddf9fed548d45bfc97b3194d13e5c49c8df8d74c291870092f
source_manifest_sha256=a1e7f6d1d46fc0d66e4a193fc396dd730ec77afe62b4e826e3b4d037c9fcf865
source_files=19
python=3.11.14 pytest_passed=80 pytest_failed=0 elapsed=1.83s
python=3.12.12 pytest_passed=80 pytest_failed=0 elapsed=1.84s
python=3.13.11 pytest_passed=80 pytest_failed=0 elapsed=1.81s
fail_closed_selection_passed=7 deselected=21 elapsed=0.38s
package=relay-hermes package_version=1.0.0rc1
manifest_version=1.0.0-rc.1
wheel_sha256=a509868a334878f0a6bf8fa79f862739a8283646d487f5b79cea76cdbfbac51e
sdist_sha256=cab6520fbfaaf1ce17a1747685e9656032a2b74a72db1d5a26bb4610cb700713
clean_install_python=3.11.14 result=pass pip_check=pass
clean_install_python=3.12.12 result=pass pip_check=pass
clean_install_python=3.13.11 result=pass pip_check=pass
hermes_commit=04224b2f82aabbe89525451089eb2677edfae179
hermes_plugin_doctor=pass
hermes_directory_harness=pass
hermes_wheel_harness=pass
staging_helper=pass no_token_rc=2 wrong_origin_rc=2
openapi_commit=9b4d5bb32cc749c6fd271969948c385300d404d6
openapi_sha256=f62f431fc0daa48500926bf87753f81c3fdda25ab463b130ca97f2896367e0a5
openapi_contract=pass required_paths=5 websocket_frames=9
workflow_static_assertions=pass hosted_github_actions_run=false
hosted_relay_used=false publication_attempted=false production_touched=false relay_or_publication_credentials_used=false
daytona_id=59631847-53ec-4aac-bd17-b98998c595c5 desired_final_state=archived actual_final_state=archived
