runtime_and_package_behavior_source=unchanged
.github/workflows/ci.yml
.github/workflows/publish-rc.yml
README.md
contracts/relay-server/9b4d5bb32cc749c6fd271969948c385300d404d6/openapi.yaml
contracts/relay-server/README.md
tests/test_plugin_manifest.py
locked_workspace_bytes=exact
f62f431fc0daa48500926bf87753f81c3fdda25ab463b130ca97f2896367e0a5  /Users/advaitpaliwal/Code/Relay/_runtime/relay-openapi-locked-9b4d5bb.yaml
f62f431fc0daa48500926bf87753f81c3fdda25ab463b130ca97f2896367e0a5  contracts/relay-server/9b4d5bb32cc749c6fd271969948c385300d404d6/openapi.yaml
source_commit=25d35866b84efeeaf8c9858db148ca16553aded4
source_files=      23
26d892a3105044e1c4f2469d41759a8e3a90a3e3db7fcd9935365a156c4617aa  /tmp/hermes-contract-v4-source.sha256
f16a1275235a496ff8bf945c5868dbf058fd56deb80d437d25dc9644be3a0d22  /tmp/hermes-contract-v4-source.tar.gz
ad31249ca5eadbbdc8bd704faf8a3368d6db706aff77b2117eb5d1123f475166  .github/workflows/ci.yml
45f96534e501c51f262485bd975fd0fcb0f7e2a122b60423e2167584aa064aad  .github/workflows/publish-rc.yml
1d5c2a79015129b2f7fa57d58b26e60d513a6653b6cab94b13ea5eb300984923  .gitignore
a108cc5a8e90d79d1daea6a7891db062537af9587f8eb10f81702137bbc192d5  LICENSE
bb7a16ea17b9d98b370384193cb54a7d6cbde3aa26a765809e7506baa45fee35  MANIFEST.in
d78e3d4dcb17a8182bcda4464d1f8bd0be6d89bea84013f6247d132251268708  README.md
541b853658d6fa8d4f523a0ea398bacd6359e9d7d7cc7e2d28ecf5a801d25079  __init__.py
d556663df96961f97c71a982f6535f01eec8b91e642c72a58756da70cef6cca7  adapter.py
f62f431fc0daa48500926bf87753f81c3fdda25ab463b130ca97f2896367e0a5  contracts/relay-server/9b4d5bb32cc749c6fd271969948c385300d404d6/openapi.yaml
0f1802b3e4b2327bf150cfe5a3f32d8490a7823c8590b3b5124e3575b881c548  contracts/relay-server/README.md
d36a91e6d0fda957f491d4e003d708565283e6759d38c1ed2ea86e621dd6e181  plugin.yaml
f089738263e373f741cb8b6c19421ca80ecbaf5bb1bc5a70d7e3f500046af301  pyproject.toml
382c3bbe9ae95c6e139a27a954383abf92a9a8c351b6e9ae041e9ad4f04aa57f  relay_api.py
5b7055b8501cf55c0afc222b22efb2a00c261667d6cf93fe29ee23fb1eed61e1  scripts/check-openapi.py
8722c0b6f3005d1fe2eb760af45d5c135f4fd858815271d50aa321f282282e18  scripts/run-staging.sh
83bf105d579d14ba342fb2b3a2e394a3e2b9960c01cc3f445781fcc9f714d284  state.py
550b1135c2515f1d48b5f6790cb03575597095f823105ddeb916583b78eaea33  tests/conftest.py
bca876168d5e8ea743e5317d9c46d3143764456256e55264bbf28af2ea5e132c  tests/test_adapter.py
2391474eba9f07e0ab2c173201ca7f25056174ee67550bade111444823d377aa  tests/test_hermes_runtime.py
2634fb20ef1935c51183ab94fa437341235a354bd40cbaff6c6a455df508f03a  tests/test_plugin_manifest.py
07c1f60bd4626ae8dc27a45dc13cbe2fb98f13d2657a1e70d72d43ca8b2f5481  tests/test_relay_api.py
e40f31500d73220976b7b744bb81d204026673cb743924d5205016b225a135a3  tests/test_staging_wrapper.py
23430e0375973cc5995cae1d1599aa37529f0cef01d55c84d8f117c7f68c6b27  tests/test_state.py
