============================= test session starts ==============================
platform linux -- Python 3.13.11, pytest-9.1.1, pluggy-1.6.0 -- /home/daytona/relay-hermes/.venv-3.13/bin/python
cachedir: .pytest_cache
rootdir: /home/daytona/relay-hermes
configfile: pyproject.toml
plugins: anyio-4.14.2
collecting ... collected 17 items

tests/test_staging_wrapper.py::test_staging_wrapper_delegates_all_state_path_operations PASSED [  5%]
tests/test_staging_wrapper.py::test_staging_wrapper_does_not_follow_or_chmod_state_symlink PASSED [ 11%]
tests/test_staging_wrapper.py::test_staging_wrapper_never_touches_replaced_state_directory PASSED [ 17%]
tests/test_adapter.py::test_env_enablement_keeps_chat_and_operator_allowlists_separate PASSED [ 23%]
tests/test_adapter.py::test_ordinary_contacts_can_chat_but_are_not_gateway_operators PASSED [ 29%]
tests/test_adapter.py::test_privileged_commands_default_deny_without_an_operator_decision PASSED [ 35%]
tests/test_adapter.py::test_multiplexed_profiles_never_fall_through_to_process_relay_settings PASSED [ 41%]
tests/test_state.py::test_state_directory_symlink_is_refused_without_chmodding_target PASSED [ 47%]
tests/test_state.py::test_symlinked_state_ancestor_is_refused_without_creating_below_it PASSED [ 52%]
tests/test_state.py::test_dangling_database_symlink_is_refused_without_creating_its_target PASSED [ 58%]
tests/test_state.py::test_database_symlink_never_mutates_an_existing_target PASSED [ 64%]
tests/test_state.py::test_directory_replacement_before_sqlite_connect_cannot_redirect_or_mutate PASSED [ 70%]
tests/test_state.py::test_database_replacement_before_sqlite_connect_cannot_reach_dangling_target PASSED [ 76%]
tests/test_state.py::test_replacement_during_directory_chmod_is_detected_without_touching_replacement PASSED [ 82%]
tests/test_state.py::test_replacement_after_open_blocks_state_access PASSED [ 88%]
tests/test_state.py::test_token_switch_refuses_before_requeue_or_snapshot_processing PASSED [ 94%]
tests/test_state.py::test_origin_switch_refuses_the_same_state_directory PASSED [100%]

============================== 17 passed in 0.41s ==============================
