Linux edd173f2-fb53-48c4-b5b1-c3e42fe6e7a5 6.8.0-124-generic #124-Ubuntu SMP PREEMPT_DYNAMIC Tue May 26 13:00:45 UTC 2026 x86_64 GNU/Linux
PRETTY_NAME="Debian GNU/Linux 13 (trixie)"
NAME="Debian GNU/Linux"
VERSION_ID="13"
VERSION="13 (trixie)"
VERSION_CODENAME=trixie
DEBIAN_VERSION_FULL=13.5
ID=debian
HOME_URL="https://www.debian.org/"
SUPPORT_URL="https://www.debian.org/support"
BUG_REPORT_URL="https://bugs.debian.org/"
architecture=x86_64
756eb83968b20f8f49a853b4f9fd477d5e9fa0ba5e5cb1bdd2982d62ba0b5fd7  /home/daytona/relay-hermes-slash-v3-source.tar.gz
f62f431fc0daa48500926bf87753f81c3fdda25ab463b130ca97f2896367e0a5  /home/daytona/relay-openapi.yaml
b965853938713daf884768028db9abc283e8bbec6ecad56b1e2a2841be702aad  /tmp/slash-v3-source.sha256
Cloning into '/home/daytona/hermes-agent'...
From https://github.com/NousResearch/hermes-agent
 * branch                04224b2f82aabbe89525451089eb2677edfae179 -> FETCH_HEAD
HEAD is now at 04224b2f8 fmt(js): `npm run fix` on merge (#100096)
Downloading cpython-3.11.14-linux-x86_64-gnu (download) (29.8MiB)
Downloading cpython-3.12.12-linux-x86_64-gnu (download) (32.3MiB)
Downloading cpython-3.13.11-linux-x86_64-gnu (download) (33.4MiB)
 Downloaded cpython-3.12.12-linux-x86_64-gnu (download)
 Downloaded cpython-3.13.11-linux-x86_64-gnu (download)
 Downloaded cpython-3.11.14-linux-x86_64-gnu (download)
Installed 3 versions in 1.49s
 + cpython-3.11.14-linux-x86_64-gnu (python3.11)
 + cpython-3.12.12-linux-x86_64-gnu (python3.12)
 + cpython-3.13.11-linux-x86_64-gnu (python3.13)
warning: `/home/daytona/.local/bin` is not on your PATH. To use installed Python executables, run `export PATH="/home/daytona/.local/bin:$PATH"` or `uv python update-shell`.
Using CPython 3.11.14
Creating virtual environment at: .venv-3.11
Activate with: source .venv-3.11/bin/activate
Using Python 3.11.14 environment at: .venv-3.11
Resolved 23 packages in 66ms
   Building relay-hermes @ file:///home/daytona/relay-hermes
Downloading pygments (1.2MiB)
 Downloaded pygments
      Built relay-hermes @ file:///home/daytona/relay-hermes
Prepared 23 packages in 901ms
Installed 23 packages in 18ms
 + anyio==4.14.2
 + build==1.3.0
 + certifi==2026.7.22
 + charset-normalizer==3.5.1
 + h11==0.16.0
 + httpcore==1.0.9
 + httpx==0.28.1
 + idna==3.19
 + iniconfig==2.3.0
 + markdown-it-py==4.2.0
 + mdurl==0.1.2
 + packaging==26.3
 + pluggy==1.6.0
 + pygments==2.21.0
 + pyproject-hooks==1.2.0
 + pytest==9.1.1
 + pyyaml==6.0.3
 + relay-hermes==1.0.0rc1 (from file:///home/daytona/relay-hermes)
 + requests==2.34.2
 + rich==15.0.0
 + typing-extensions==4.16.0
 + urllib3==2.7.0
 + websockets==17.1
Python 3.11.14
Using CPython 3.12.12
Creating virtual environment at: .venv-3.12
Activate with: source .venv-3.12/bin/activate
Using Python 3.12.12 environment at: .venv-3.12
Resolved 23 packages in 18ms
   Building relay-hermes @ file:///home/daytona/relay-hermes
      Built relay-hermes @ file:///home/daytona/relay-hermes
Prepared 4 packages in 786ms
Installed 23 packages in 12ms
 + anyio==4.14.2
 + build==1.3.0
 + certifi==2026.7.22
 + charset-normalizer==3.5.1
 + h11==0.16.0
 + httpcore==1.0.9
 + httpx==0.28.1
 + idna==3.19
 + iniconfig==2.3.0
 + markdown-it-py==4.2.0
 + mdurl==0.1.2
 + packaging==26.3
 + pluggy==1.6.0
 + pygments==2.21.0
 + pyproject-hooks==1.2.0
 + pytest==9.1.1
 + pyyaml==6.0.3
 + relay-hermes==1.0.0rc1 (from file:///home/daytona/relay-hermes)
 + requests==2.34.2
 + rich==15.0.0
 + typing-extensions==4.16.0
 + urllib3==2.7.0
 + websockets==17.1
Python 3.12.12
Using CPython 3.13.11
Creating virtual environment at: .venv-3.13
Activate with: source .venv-3.13/bin/activate
Using Python 3.13.11 environment at: .venv-3.13
Resolved 22 packages in 29ms
   Building relay-hermes @ file:///home/daytona/relay-hermes
      Built relay-hermes @ file:///home/daytona/relay-hermes
Prepared 4 packages in 782ms
Installed 22 packages in 17ms
 + anyio==4.14.2
 + build==1.3.0
 + certifi==2026.7.22
 + charset-normalizer==3.5.1
 + h11==0.16.0
 + httpcore==1.0.9
 + httpx==0.28.1
 + idna==3.19
 + iniconfig==2.3.0
 + markdown-it-py==4.2.0
 + mdurl==0.1.2
 + packaging==26.3
 + pluggy==1.6.0
 + pygments==2.21.0
 + pyproject-hooks==1.2.0
 + pytest==9.1.1
 + pyyaml==6.0.3
 + relay-hermes==1.0.0rc1 (from file:///home/daytona/relay-hermes)
 + requests==2.34.2
 + rich==15.0.0
 + urllib3==2.7.0
 + websockets==17.1
Python 3.13.11
exact_source=pass files=21
