============================= test session starts ==============================
platform linux -- Python 3.13.11, pytest-9.1.1, pluggy-1.6.0 -- /home/daytona/relay-hermes/.venv-3.13/bin/python
cachedir: .pytest_cache
rootdir: /home/daytona/relay-hermes
configfile: pyproject.toml
plugins: anyio-4.14.2
collecting ... collected 18 items

tests/test_staging_wrapper.py::test_staging_wrapper_delegates_all_state_path_operations PASSED [  5%]
tests/test_staging_wrapper.py::test_staging_wrapper_does_not_follow_or_chmod_state_symlink PASSED [ 11%]
tests/test_staging_wrapper.py::test_staging_wrapper_never_touches_replaced_state_directory PASSED [ 16%]
tests/test_adapter.py::test_env_enablement_keeps_chat_allowlist_without_operator_support PASSED [ 22%]
tests/test_adapter.py::test_ordinary_contacts_continue_to_dispatch_normal_chat PASSED [ 27%]
tests/test_adapter.py::test_relay_slash_policy_is_always_deny_only PASSED [ 33%]
tests/test_adapter.py::test_pinned_hermes_multi_profile_slash_dispatch_denies_update_everywhere PASSED [ 38%]
tests/test_adapter.py::test_multiplexed_profiles_never_fall_through_to_process_relay_settings PASSED [ 44%]
tests/test_state.py::test_state_directory_symlink_is_refused_without_chmodding_target PASSED [ 50%]
tests/test_state.py::test_symlinked_state_ancestor_is_refused_without_creating_below_it PASSED [ 55%]
tests/test_state.py::test_dangling_database_symlink_is_refused_without_creating_its_target PASSED [ 61%]
tests/test_state.py::test_database_symlink_never_mutates_an_existing_target PASSED [ 66%]
tests/test_state.py::test_directory_replacement_before_sqlite_connect_cannot_redirect_or_mutate PASSED [ 72%]
tests/test_state.py::test_database_replacement_before_sqlite_connect_cannot_reach_dangling_target PASSED [ 77%]
tests/test_state.py::test_replacement_during_directory_chmod_is_detected_without_touching_replacement PASSED [ 83%]
tests/test_state.py::test_replacement_after_open_blocks_state_access PASSED [ 88%]
tests/test_state.py::test_token_switch_refuses_before_requeue_or_snapshot_processing PASSED [ 94%]
tests/test_state.py::test_origin_switch_refuses_the_same_state_directory PASSED [100%]

============================== 18 passed in 0.66s ==============================
