f6bde9187cb80f9d89357fcc726475b7575ec423f9f54ee80320a6b2c2acd6df  /home/daytona/relay-hermes-source-final.tar.gz
255afdf444bc7e96af86b9b64379d657d73581c597ad07a0af3a76ed2d80efae  /tmp/relay-hermes-final-source.sha256
Using Python 3.11.14 environment at: .venv-3.11
Resolved 20 packages in 4ms
   Building relay-hermes @ file:///home/daytona/relay-hermes
      Built relay-hermes @ file:///home/daytona/relay-hermes
Prepared 1 package in 486ms
Uninstalled 1 package in 0.52ms
Installed 1 package in 1ms
 ~ relay-hermes==1.0.0rc1 (from file:///home/daytona/relay-hermes)
Python 3.11.14
Using Python 3.12.12 environment at: .venv-3.12
Resolved 20 packages in 4ms
   Building relay-hermes @ file:///home/daytona/relay-hermes
      Built relay-hermes @ file:///home/daytona/relay-hermes
Prepared 1 package in 482ms
Uninstalled 1 package in 0.61ms
Installed 1 package in 1ms
 ~ relay-hermes==1.0.0rc1 (from file:///home/daytona/relay-hermes)
Python 3.12.12
Using Python 3.13.11 environment at: .venv-3.13
Resolved 19 packages in 4ms
   Building relay-hermes @ file:///home/daytona/relay-hermes
      Built relay-hermes @ file:///home/daytona/relay-hermes
Prepared 1 package in 496ms
Uninstalled 1 package in 0.54ms
Installed 1 package in 2ms
 ~ relay-hermes==1.0.0rc1 (from file:///home/daytona/relay-hermes)
Python 3.13.11
exact_source=pass files=20
